'(define FOO 42)
'(define BAR 100.0)
'(define BAZ "hello")
